2026-08-05 22:58:06 - Service accounts save start
POST data: Array
(
    [active_tab] => accounting
    [base_currency_id] => 3
    [auto_invoice_generation] => on
    [invoice_posting_trigger] => on_confirm
    [default_delivery_type] => draft
    [allow_negative_balance] => on
    [fiscal_start_date] => 2026-01-01
    [fiscal_end_date] => 2026-12-31
    [enable_recycle_bin] => on
    [allow_cancel_without_reverse] => on
    [sales_invoice_prefix] => SI-
    [purchase_invoice_prefix] => PI-
    [journal_prefix] => JRN-
    [invoice_number_digits] => 6
    [journal_digits] => 5
    [srv_bus_sales_prefix] => SI-
    [srv_bus_purchase_prefix] => PI-
    [srv_bus_journal_prefix] => JRN-
    [srv_bus_digits] => 6
    [srv_flight_sales_prefix] => SI-
    [srv_flight_purchase_prefix] => PI-
    [srv_flight_journal_prefix] => JRN-
    [srv_flight_digits] => 6
    [srv_visa_sales_prefix] => SI-
    [srv_visa_purchase_prefix] => PI-
    [srv_visa_journal_prefix] => JRN-
    [srv_visa_digits] => 6
    [srv_umrah_sales_prefix] => SI-
    [srv_umrah_purchase_prefix] => PI-
    [srv_umrah_journal_prefix] => JRN-
    [srv_umrah_digits] => 6
    [srv_family_sales_prefix] => SI-
    [srv_family_purchase_prefix] => PI-
    [srv_family_journal_prefix] => JRN-
    [srv_family_digits] => 6
    [srv_passport_sales_prefix] => SI-
    [srv_passport_purchase_prefix] => PI-
    [srv_passport_journal_prefix] => JRN-
    [srv_passport_digits] => 6
    [customer_receivable_account_id] => 
    [supplier_payable_account_id] => 
    [default_cash_account_id] => 
    [default_bank_account_id] => 
    [exchange_gain_account_id] => 42
    [exchange_loss_account_id] => 54
    [default_sales_account_id] => 
    [default_purchase_account_id] => 
    [default_cost_account_id] => 
    [default_profit_account_id] => 
    [service_5_revenue] => 38
    [service_5_cost] => 50
    [service_5_profit] => 137
    [service_1_revenue] => 34
    [service_1_cost] => 46
    [service_1_profit] => 133
    [service_3_revenue] => 35
    [service_3_cost] => 47
    [service_3_profit] => 134
    [service_2_revenue] => 39
    [service_2_cost] => 51
    [service_2_profit] => 138
    [service_8_revenue] => 151
    [service_8_cost] => 152
    [service_8_profit] => 153
    [service_7_revenue] => 147
    [service_7_cost] => 149
    [service_7_profit] => 150
    [service_4_revenue] => 37
    [service_4_cost] => 49
    [service_4_profit] => 136
    [service_6_revenue] => 36
    [service_6_cost] => 48
    [service_6_profit] => 135
    [__submitted_settings] => Array
        (
            [0] => base_currency_id
            [1] => auto_invoice_generation
            [2] => invoice_posting_trigger
            [3] => default_delivery_type
            [4] => require_cost_center
            [5] => allow_negative_balance
            [6] => passport_allow_discount
            [7] => enable_customer_limit_check
            [8] => enable_debit_limit_check
            [9] => enable_supplier_limit_check
            [10] => fiscal_start_date
            [11] => fiscal_end_date
            [12] => enable_recycle_bin
            [13] => enable_automatic_reconciliation
            [14] => allow_cancel_without_reverse
            [15] => sales_invoice_prefix
            [16] => purchase_invoice_prefix
            [17] => journal_prefix
            [18] => invoice_number_digits
            [19] => journal_digits
            [20] => srv_bus_sales_prefix
            [21] => srv_bus_purchase_prefix
            [22] => srv_bus_journal_prefix
            [23] => srv_bus_digits
            [24] => srv_flight_sales_prefix
            [25] => srv_flight_purchase_prefix
            [26] => srv_flight_journal_prefix
            [27] => srv_flight_digits
            [28] => srv_visa_sales_prefix
            [29] => srv_visa_purchase_prefix
            [30] => srv_visa_journal_prefix
            [31] => srv_visa_digits
            [32] => srv_umrah_sales_prefix
            [33] => srv_umrah_purchase_prefix
            [34] => srv_umrah_journal_prefix
            [35] => srv_umrah_digits
            [36] => srv_family_sales_prefix
            [37] => srv_family_purchase_prefix
            [38] => srv_family_journal_prefix
            [39] => srv_family_digits
            [40] => srv_passport_sales_prefix
            [41] => srv_passport_purchase_prefix
            [42] => srv_passport_journal_prefix
            [43] => srv_passport_digits
            [44] => customer_receivable_account_id
            [45] => supplier_payable_account_id
            [46] => default_cash_account_id
            [47] => default_bank_account_id
            [48] => exchange_gain_account_id
            [49] => exchange_loss_account_id
            [50] => default_sales_account_id
            [51] => default_purchase_account_id
            [52] => default_cost_account_id
            [53] => default_profit_account_id
            [54] => service_5_revenue
            [55] => service_5_cost
            [56] => service_5_profit
            [57] => service_1_revenue
            [58] => service_1_cost
            [59] => service_1_profit
            [60] => service_3_revenue
            [61] => service_3_cost
            [62] => service_3_profit
            [63] => service_2_revenue
            [64] => service_2_cost
            [65] => service_2_profit
            [66] => service_8_revenue
            [67] => service_8_cost
            [68] => service_8_profit
            [69] => service_7_revenue
            [70] => service_7_cost
            [71] => service_7_profit
            [72] => service_4_revenue
            [73] => service_4_cost
            [74] => service_4_profit
            [75] => service_6_revenue
            [76] => service_6_cost
            [77] => service_6_profit
        )

    [update_settings] => 1
)

DB Services: Array
(
    [0] => 8
    [1] => 1
    [2] => 2
    [3] => 3
    [4] => 4
    [5] => 5
    [6] => 6
    [7] => 7
)

Service 8: revenue=151, cost=152, profit=153
  Rows affected: 0
Service 1: revenue=34, cost=46, profit=133
  Rows affected: 0
Service 2: revenue=39, cost=51, profit=138
  Rows affected: 0
Service 3: revenue=35, cost=47, profit=134
  Rows affected: 0
Service 4: revenue=37, cost=49, profit=136
  Rows affected: 0
Service 5: revenue=38, cost=50, profit=137
  Rows affected: 0
Service 6: revenue=36, cost=48, profit=135
  Rows affected: 0
Service 7: revenue=147, cost=149, profit=150
  Rows affected: 0
2026-08-05 23:52:40 - Service accounts save start
POST data: Array
(
    [active_tab] => general
    [site_name] => الغزالي للسفريات والسياحة 
    [email] => mahumad7733@gmail.com
    [copyright_text] => جميع الحقوق محفوظة © 2024
    [developer_name] => محمد الغزالي
    [developer_link] => https://alghazali.com
    [__submitted_settings] => Array
        (
            [0] => site_name
            [1] => email
            [2] => allow_duplicate_work_visa
            [3] => copyright_text
            [4] => developer_name
            [5] => developer_link
            [6] => site_logo
            [7] => site_favicon
            [8] => print_logo
        )

    [update_settings] => 1
)

Skipped service accounts because active tab is general
2026-08-05 23:52:50 - Service accounts save start
POST data: Array
(
    [active_tab] => general
    [site_name] => الغزالي للسفريات والسياحة 
    [email] => mahumad7733@gmail.com
    [copyright_text] => جميع الحقوق محفوظة © 2024
    [developer_name] => محمد الغزالي
    [developer_link] => https://alghazali.com
    [__submitted_settings] => Array
        (
            [0] => site_name
            [1] => email
            [2] => allow_duplicate_work_visa
            [3] => copyright_text
            [4] => developer_name
            [5] => developer_link
            [6] => site_logo
            [7] => site_favicon
            [8] => print_logo
        )

    [update_settings] => 1
)

Skipped service accounts because active tab is general
2026-08-05 23:53:13 - Service accounts save start
POST data: Array
(
    [active_tab] => appearance
    [primary_color_light] => #2563eb
    [secondary_color_light] => #1a86bc
    [success_color_light] => #10b981
    [danger_color_light] => #ef4444
    [warning_color_light] => #f59e0b
    [info_color_light] => #3b82f6
    [text_color_light] => #1c1c1c
    [bg_color_light] => #f3f4f6
    [card_bg_light] => #eceaea
    [border_color_light] => #000000
    [sidebar_bg_light] => #e2e5e9
    [sidebar_text_light] => #0d0c0c
    [sidebar_icon_color_light] => #2a67bb
    [primary_color_dark] => #3b82f6
    [secondary_color_dark] => #94a3b8
    [success_color_dark] => #10b981
    [danger_color_dark] => #ef4444
    [warning_color_dark] => #f59e0b
    [info_color_dark] => #3b82f6
    [text_color_dark] => #f3f4f6
    [bg_color_dark] => #111827
    [card_bg_dark] => #e8eef7
    [border_color_dark] => #374151
    [sidebar_bg_dark] => #2d3748
    [sidebar_text_dark] => #f3f4f6
    [sidebar_icon_color_dark] => #cbd5e1
    [show_theme_toggle_button] => on
    [default_theme] => light
    [primary_color] => #2563eb
    [secondary_color] => #10b981
    [header_color] => #ffffff
    [footer_color] => #0f172a
    [sidebar_color] => #2d3748
    [ticker_bg_color] => #82c91e
    [ticker_speed] => 40
    [slider_interval] => 5000
    [query_title] => استعلم عن حالة جوازك
    [query_bg_color] => #1f5a38
    [query_btn_color] => #0d6efd
    [__submitted_settings] => Array
        (
            [0] => primary_color_light
            [1] => secondary_color_light
            [2] => success_color_light
            [3] => danger_color_light
            [4] => warning_color_light
            [5] => info_color_light
            [6] => text_color_light
            [7] => bg_color_light
            [8] => card_bg_light
            [9] => border_color_light
            [10] => sidebar_bg_light
            [11] => sidebar_text_light
            [12] => sidebar_icon_color_light
            [13] => primary_color_dark
            [14] => secondary_color_dark
            [15] => success_color_dark
            [16] => danger_color_dark
            [17] => warning_color_dark
            [18] => info_color_dark
            [19] => text_color_dark
            [20] => bg_color_dark
            [21] => card_bg_dark
            [22] => border_color_dark
            [23] => sidebar_bg_dark
            [24] => sidebar_text_dark
            [25] => sidebar_icon_color_dark
            [26] => show_theme_toggle_button
            [27] => default_theme
            [28] => primary_color
            [29] => secondary_color
            [30] => header_color
            [31] => footer_color
            [32] => sidebar_color
            [33] => ticker_bg_color
            [34] => ticker_speed
            [35] => slider_controls
            [36] => slider_interval
            [37] => query_title
            [38] => query_bg_color
            [39] => query_btn_color
        )

    [update_settings] => 1
)

Skipped service accounts because active tab is appearance
2026-08-06 02:02:29 - Service accounts save start
POST data: Array
(
    [active_tab] => bookings
    [enable_bus_bookings] => on
    [enable_flight_bookings] => on
    [bookings_show_profit] => on
    [bookings_show_purchase_price] => on
    [bookings_allow_partial_payments] => on
    [bookings_enable_print] => on
    [bookings_enable_export] => on
    [bookings_enable_return_date] => on
    [bookings_enable_bus_type] => on
    [bookings_auto_posting] => on
    [bookings_posting_trigger] => on_confirm
    [bookings_workflow_enabled] => on
    [bookings_auto_numbering] => on
    [bus_booking_prefix] => BUS-
    [flight_booking_prefix] => FLT-
    [booking_start_number] => 1001
    [booking_number_digits] => 4
    [bus_flight_service_terms] => التذكرة صالحة لمدة شهر من تاريخ الإصدار * بإستصلاحية تذكرة للمرة 60 يوم * في حال تأجيل السفر أو إلغاءه قبل 12 ساعة من موعد الرحلة تطبق غرامة التأخير 30% وغرامة الإلغاء 50%، * وتطبق غرامة التأجيل خلال 12 ساعة من مغادرة الرحلة 50% وغرامة الإرجاع 100% * موعد الإرجاع والتغيير قبل وبعد مغادرة الرحلة 100% * لا يحق للمطالبة بأي تعويض أو التنازل بالتذكرة للغير * المسافر عليه مراقبة أمتعته عند التسجيل والتحميل ولدى الجهات المختصة، والشركة غير مسؤولة عن الأمتعة والأشياء الثمينة التي يصحبها الراكب في كل الظروف، وأقصى حد للتعويض في أي ظرف ما يعادل خمسين ريال سعودي للحقيبة، * الوزن المسموح به للمسافر هو 40 كيلو حقيبة متوسطة الحجم (شنطة واحدة فقط) يمنع الحمل الزائد والطويل والبراميل والدراجات والكرتون والفرش والبطانيات والكراتين الكبيرة وحتى أي كميات تجارية مهما كان نوعها * لا يتم توقيف الحافلات لنزول الركاب، إلا في محطات التوقف للوجبات، والأكل والتدخين ممنوع نهائياً على جميع رحلات الشركة.
    [__submitted_settings] => Array
        (
            [0] => enable_bus_bookings
            [1] => enable_flight_bookings
            [2] => bookings_show_profit
            [3] => bookings_show_purchase_price
            [4] => bookings_allow_partial_payments
            [5] => bookings_enable_print
            [6] => bookings_enable_export
            [7] => bookings_enable_return_date
            [8] => bookings_enable_bus_type
            [9] => bookings_auto_posting
            [10] => bookings_posting_trigger
            [11] => bookings_workflow_enabled
            [12] => bookings_auto_numbering
            [13] => bus_booking_prefix
            [14] => flight_booking_prefix
            [15] => booking_start_number
            [16] => booking_number_digits
            [17] => bus_flight_service_terms
        )

    [update_settings] => 1
)

Skipped service accounts because active tab is bookings
2026-08-06 02:18:07 - Service accounts save start
POST data: Array
(
    [active_tab] => general
    [site_name] => الغزالي للسفريات والسياحة 
    [email] => mahumad7733@gmail.com
    [copyright_text] => جميع الحقوق محفوظة © 2024
    [developer_name] => محمد الغزالي
    [developer_link] => https://alghazali.com
    [__submitted_settings] => Array
        (
            [0] => site_name
            [1] => email
            [2] => allow_duplicate_work_visa
            [3] => copyright_text
            [4] => developer_name
            [5] => developer_link
            [6] => site_logo
            [7] => site_favicon
            [8] => print_logo
        )

    [update_settings] => 1
)

Skipped service accounts because active tab is general
