[28-May-2026 13:35:31 UTC] PHP Fatal error:  Uncaught PDOException: SQLSTATE[42S02]: Base table or view not found: 1146 Table 'alghazali.users' doesn't exist in /home/ubuntu/ghazali_project/ghazali/admin/ajax_work_visa.php:34
Stack trace:
#0 /home/ubuntu/ghazali_project/ghazali/admin/ajax_work_visa.php(34): PDO->prepare()
#1 {main}
  thrown in /home/ubuntu/ghazali_project/ghazali/admin/ajax_work_visa.php on line 34
[28-May-2026 13:35:33 UTC] PHP Fatal error:  Uncaught PDOException: SQLSTATE[42S02]: Base table or view not found: 1146 Table 'alghazali.users' doesn't exist in /home/ubuntu/ghazali_project/ghazali/admin/ajax_work_visa.php:34
Stack trace:
#0 /home/ubuntu/ghazali_project/ghazali/admin/ajax_work_visa.php(34): PDO->prepare()
#1 {main}
  thrown in /home/ubuntu/ghazali_project/ghazali/admin/ajax_work_visa.php on line 34
[28-May-2026 13:35:36 UTC] PHP Fatal error:  Uncaught PDOException: SQLSTATE[42S02]: Base table or view not found: 1146 Table 'alghazali.users' doesn't exist in /home/ubuntu/ghazali_project/ghazali/admin/ajax_work_visa.php:34
Stack trace:
#0 /home/ubuntu/ghazali_project/ghazali/admin/ajax_work_visa.php(34): PDO->prepare()
#1 {main}
  thrown in /home/ubuntu/ghazali_project/ghazali/admin/ajax_work_visa.php on line 34
[31-May-2026 21:38:34 Europe/Berlin] Error in php_post_invoice: There is already an active transaction
[31-May-2026 21:38:34 Europe/Berlin] ajax_umrah.php: There is already an active transaction
[31-May-2026 21:38:35 Europe/Berlin] Error in php_post_invoice: There is already an active transaction
[31-May-2026 21:38:35 Europe/Berlin] ajax_umrah.php: There is already an active transaction
[31-May-2026 21:46:16 Europe/Berlin] Error in php_post_invoice: There is already an active transaction
[31-May-2026 21:46:16 Europe/Berlin] ajax_umrah.php: There is already an active transaction
[31-May-2026 21:46:16 Europe/Berlin] Error in php_post_invoice: There is already an active transaction
[31-May-2026 21:46:16 Europe/Berlin] ajax_umrah.php: There is already an active transaction
[31-May-2026 21:46:51 Europe/Berlin] Error in php_post_invoice: There is already an active transaction
[31-May-2026 21:46:51 Europe/Berlin] ajax_umrah.php: There is already an active transaction
[31-May-2026 21:46:51 Europe/Berlin] Error in php_post_invoice: There is already an active transaction
[31-May-2026 21:46:51 Europe/Berlin] ajax_umrah.php: There is already an active transaction
[31-May-2026 21:50:11 Europe/Berlin] ajax_umrah.php: رقم الجواز مسجل مسبقاً
[31-May-2026 21:50:17 Europe/Berlin] ajax_umrah.php: رقم الجواز مسجل مسبقاً
[31-May-2026 21:50:24 Europe/Berlin] ajax_umrah.php: رقم الجواز مسجل مسبقاً
[31-May-2026 21:50:24 Europe/Berlin] ajax_umrah.php: رقم الجواز مسجل مسبقاً
[31-May-2026 21:50:29 Europe/Berlin] ajax_umrah.php: رقم الجواز مسجل مسبقاً
[31-May-2026 21:50:30 Europe/Berlin] ajax_umrah.php: رقم الجواز مسجل مسبقاً
[31-May-2026 21:50:32 Europe/Berlin] ajax_umrah.php: رقم الجواز مسجل مسبقاً
[31-May-2026 21:50:32 Europe/Berlin] ajax_umrah.php: رقم الجواز مسجل مسبقاً
[31-May-2026 21:52:11 Europe/Berlin] PHP Warning:  Undefined array key "passport_number" in C:\xampp\htdocs\ghazali\admin\ajax_umrah.php on line 450
[31-May-2026 21:52:11 Europe/Berlin] PHP Deprecated:  htmlspecialchars(): Passing null to parameter #1 ($string) of type string is deprecated in C:\xampp\htdocs\ghazali\admin\ajax_umrah.php on line 450
[31-May-2026 21:52:11 Europe/Berlin] ajax_umrah.php: رقم الجواز مسجل مسبقاً (الرقم: , الاسم: أحمد محمد عليت, نوع المعاملة: umrah)
[31-May-2026 21:52:11 Europe/Berlin] PHP Warning:  Undefined array key "passport_number" in C:\xampp\htdocs\ghazali\admin\ajax_umrah.php on line 450
[31-May-2026 21:52:11 Europe/Berlin] PHP Deprecated:  htmlspecialchars(): Passing null to parameter #1 ($string) of type string is deprecated in C:\xampp\htdocs\ghazali\admin\ajax_umrah.php on line 450
[31-May-2026 21:52:11 Europe/Berlin] ajax_umrah.php: رقم الجواز مسجل مسبقاً (الرقم: , الاسم: أحمد محمد عليت, نوع المعاملة: umrah)
[31-May-2026 21:52:22 Europe/Berlin] PHP Warning:  Undefined array key "passport_number" in C:\xampp\htdocs\ghazali\admin\ajax_umrah.php on line 450
[31-May-2026 21:52:22 Europe/Berlin] PHP Deprecated:  htmlspecialchars(): Passing null to parameter #1 ($string) of type string is deprecated in C:\xampp\htdocs\ghazali\admin\ajax_umrah.php on line 450
[31-May-2026 21:52:22 Europe/Berlin] ajax_umrah.php: رقم الجواز مسجل مسبقاً (الرقم: , الاسم: أحمد محمد عليت, نوع المعاملة: umrah)
[31-May-2026 21:52:22 Europe/Berlin] PHP Warning:  Undefined array key "passport_number" in C:\xampp\htdocs\ghazali\admin\ajax_umrah.php on line 450
[31-May-2026 21:52:22 Europe/Berlin] PHP Deprecated:  htmlspecialchars(): Passing null to parameter #1 ($string) of type string is deprecated in C:\xampp\htdocs\ghazali\admin\ajax_umrah.php on line 450
[31-May-2026 21:52:22 Europe/Berlin] ajax_umrah.php: رقم الجواز مسجل مسبقاً (الرقم: , الاسم: أحمد محمد عليت, نوع المعاملة: umrah)
[31-May-2026 21:52:38 Europe/Berlin] PHP Warning:  Undefined array key "passport_number" in C:\xampp\htdocs\ghazali\admin\ajax_umrah.php on line 450
[31-May-2026 21:52:38 Europe/Berlin] PHP Deprecated:  htmlspecialchars(): Passing null to parameter #1 ($string) of type string is deprecated in C:\xampp\htdocs\ghazali\admin\ajax_umrah.php on line 450
[31-May-2026 21:52:38 Europe/Berlin] ajax_umrah.php: رقم الجواز مسجل مسبقاً (الرقم: , الاسم: أحمد محمد عليت, نوع المعاملة: umrah)
[31-May-2026 21:52:38 Europe/Berlin] PHP Warning:  Undefined array key "passport_number" in C:\xampp\htdocs\ghazali\admin\ajax_umrah.php on line 450
[31-May-2026 21:52:38 Europe/Berlin] PHP Deprecated:  htmlspecialchars(): Passing null to parameter #1 ($string) of type string is deprecated in C:\xampp\htdocs\ghazali\admin\ajax_umrah.php on line 450
[31-May-2026 21:52:38 Europe/Berlin] ajax_umrah.php: رقم الجواز مسجل مسبقاً (الرقم: , الاسم: أحمد محمد عليت, نوع المعاملة: umrah)
[31-May-2026 21:53:46 Europe/Berlin] ajax_umrah.php: رقم الجواز مسجل مسبقاً (الرقم: 8845445, الاسم: أحمد محمد عليت, نوع المعاملة: umrah)
[31-May-2026 21:53:46 Europe/Berlin] ajax_umrah.php: رقم الجواز مسجل مسبقاً (الرقم: 8845445, الاسم: أحمد محمد عليت, نوع المعاملة: umrah)
[31-May-2026 21:55:08 Europe/Berlin] ajax_umrah.php: رقم الجواز مسجل مسبقاً (الرقم: 1234558, الاسم: محمد محمد حسين الغزالي, نوع المعاملة: umrah)
[31-May-2026 21:55:13 Europe/Berlin] ajax_umrah.php: رقم الجواز مسجل مسبقاً (الرقم: 1234558, الاسم: محمد محمد حسين الغزالي, نوع المعاملة: umrah)
[31-May-2026 21:55:13 Europe/Berlin] ajax_umrah.php: رقم الجواز مسجل مسبقاً (الرقم: 1234558, الاسم: محمد محمد حسين الغزالي, نوع المعاملة: umrah)
[31-May-2026 22:00:31 Europe/Berlin] ajax_umrah.php: رقم الجواز مسجل مسبقاً (الرقم: 7858, الاسم: محمد محمد حسين الغزالي, نوع المعاملة: umrah)
[31-May-2026 22:00:41 Europe/Berlin] ajax_umrah.php: رقم الجواز مسجل مسبقاً (الرقم: 785878858, الاسم: محمد محمد حسين الغزالي, نوع المعاملة: umrah)
[31-May-2026 22:04:45 Europe/Berlin] ajax_umrah.php: رقم الجواز مسجل مسبقاً (الرقم: 785878858, الاسم: محمد محمد حسين الغزالي, نوع المعاملة: umrah)
[31-May-2026 22:04:45 Europe/Berlin] ajax_umrah.php: رقم الجواز مسجل مسبقاً (الرقم: 785878858, الاسم: محمد محمد حسين الغزالي, نوع المعاملة: umrah)
[31-May-2026 22:04:54 Europe/Berlin] ajax_umrah.php: رقم الجواز مسجل مسبقاً (الرقم: 785878858, الاسم: محمد محمد حسين الغزالي, نوع المعاملة: umrah)
[31-May-2026 22:04:54 Europe/Berlin] ajax_umrah.php: رقم الجواز مسجل مسبقاً (الرقم: 785878858, الاسم: محمد محمد حسين الغزالي, نوع المعاملة: umrah)
[31-May-2026 22:05:02 Europe/Berlin] ajax_umrah.php: رقم الجواز مسجل مسبقاً (الرقم: 785878858, الاسم: محمد محمد حسين الغزالي, نوع المعاملة: umrah)
[31-May-2026 22:05:03 Europe/Berlin] ajax_umrah.php: رقم الجواز مسجل مسبقاً (الرقم: 785878858, الاسم: محمد محمد حسين الغزالي, نوع المعاملة: umrah)
[31-May-2026 22:05:14 Europe/Berlin] ajax_umrah.php: رقم الجواز مسجل مسبقاً (الرقم: 7858788588, الاسم: محمد محمد حسين ببي, نوع المعاملة: umrah)
[31-May-2026 22:05:44 Europe/Berlin] ajax_umrah.php: رقم الجواز مسجل مسبقاً (الرقم: 7858788588, الاسم: محمد محمد حسين ببي, نوع المعاملة: umrah)
[31-May-2026 22:05:45 Europe/Berlin] ajax_umrah.php: رقم الجواز مسجل مسبقاً (الرقم: 7858788588, الاسم: محمد محمد حسين ببي, نوع المعاملة: umrah)
[01-Jun-2026 01:55:07 Europe/Berlin] ajax_umrah.php: SQLSTATE[23000]: Integrity constraint violation: 1062 Duplicate entry '54744' for key 'passport_number'
[02-Jun-2026 17:40:06 Europe/Berlin] ajax_umrah.php: SQLSTATE[23000]: Integrity constraint violation: 1062 Duplicate entry '835252' for key 'passport_number'
